[3gH    H    H    H    H    H    H    H    H    H    H    H    H    H    H    H    H    H    H    H   [INFO] Using python from: /workspace/isaaclab/_isaac_sim/python.sh
[INFO][AppLauncher]: Using device: cuda:0
[INFO][AppLauncher]: Loading experience file: /workspace/isaaclab/apps/isaaclab.python.headless.kit
[INFO]: Parsing configuration from: leisaac.tasks.lift_cube.lift_cube_env_cfg:LiftCubeRewardDenseEnvCfg
[INFO]: Parsing configuration from: leisaac.tasks.lift_cube.agents.rsl_rl_ppo_cfg:LiftCubeRewardDensePPORunnerCfg
[INFO] Logging experiment in directory: /workspace/isaac-bridge/logs/rsl_rl/leisaac_lift_cube_reward_dense
Exact experiment name requested from command line: 2026-04-23_17-14-01

[36m======================================================================================[0m
[36m[1m[INFO][IsaacLab]: Logging to file: /tmp/isaaclab/logs/isaaclab_2026-04-23_17-14-01.log[0m
[36m======================================================================================[0m

[33m17:14:01 [simulation_context.py] WARNING: The `enable_external_forces_every_iteration` parameter in the PhysxCfg is set to False. If you are experiencing noisy velocities, consider enabling this flag. You may need to slightly increase the number of velocity iterations (setting it to 1 or 2 rather than 0), together with this flag, to improve the accuracy of velocity updates.[0m
[INFO]: Base environment:
	Environment device    : cuda:0
	Environment seed      : 42
	Physics step-size     : 0.01
	Rendering step-size   : 0.02
	Environment step-size : 0.02
[INFO]: Time taken for scene creation : 0.276276 seconds
[INFO]: Scene manager:  <class InteractiveScene>
	Number of environments: 64
	Environment spacing   : 8.0
	Source prim name      : /World/envs/env_0
	Global prim paths     : []
	Replicate physics     : True
[INFO]: Starting the simulation. This may take a few seconds. Please wait...
[INFO]: Time taken for simulation start : 1.908048 seconds
Error executing job with overrides: []
Traceback (most recent call last):
  File "/workspace/isaaclab/source/isaaclab_tasks/isaaclab_tasks/utils/hydra.py", line 100, in hydra_main
    func(env_cfg, agent_cfg, *args, **kwargs)
  File "/workspace/isaaclab/scripts/reinforcement_learning/rsl_rl/train.py", line 170, in main
    env = gym.make(args_cli.task, cfg=env_cfg, render_mode="rgb_array" if args_cli.video else None)
          ^^^^^^^^^^^^^^^^^^^^^^^^^^^^^^^^^^^^^^^^^^^^^^^^^^^^^^^^^^^^^^^^^^^^^^^^^^^^^^^^^^^^^^^^^
  File "/workspace/isaaclab/_isaac_sim/kit/python/lib/python3.11/site-packages/gymnasium/envs/registration.py", line 734, in make
    env = env_creator(**env_spec_kwargs)
          ^^^^^^^^^^^^^^^^^^^^^^^^^^^^^^
  File "/workspace/isaaclab/source/isaaclab/isaaclab/envs/manager_based_rl_env.py", line 80, in __init__
    super().__init__(cfg=cfg)
  File "/workspace/isaaclab/source/isaaclab/isaaclab/envs/manager_based_env.py", line 173, in __init__
    self.sim.reset()
  File "/workspace/isaaclab/source/isaaclab/isaaclab/sim/simulation_context.py", line 530, in reset
    self.render()
  File "/workspace/isaaclab/source/isaaclab/isaaclab/sim/simulation_context.py", line 601, in render
    raise exception_to_raise
  File "/workspace/isaaclab/source/isaaclab/isaaclab/sensors/sensor_base.py", line 303, in _initialize_callback
    self._initialize_impl()
  File "/workspace/isaaclab/source/isaaclab/isaaclab/sensors/camera/tiled_camera.py", line 144, in _initialize_impl
    raise RuntimeError(
RuntimeError: A camera was spawned without the --enable_cameras flag. Please use --enable_cameras to enable rendering.

Set the environment variable HYDRA_FULL_ERROR=1 for a complete stack trace.
[Info] [carb] Logging to file: /isaac-sim/kit/logs/Kit/Isaac-Sim/5.1/kit_20260423_171352.log
2026-04-23T17:13:52Z [496ms] [Warning] [omni.platforminfo.plugin] failed to open the default display.  Can't verify X Server version.
2026-04-23T17:13:53Z [512ms] [Warning] [omni.usd_config.extension] Enable omni.materialx.libs extension to use MaterialX
2026-04-23T17:13:53Z [1,362ms] [Warning] [carb] Acquiring non optional plugin interface which is not listed as dependency: [omni::physx::IPhysxBenchmarks v1.0] (plugin: <default plugin>), by client: omni.physics.physx.plugin. Add it to CARB_PLUGIN_IMPL_DEPS() macro of a client.
2026-04-23T17:13:54Z [1,748ms] [Warning] [omni.isaac.dynamic_control] omni.isaac.dynamic_control is deprecated as of Isaac Sim 4.5. No action is needed from end-users.

|---------------------------------------------------------------------------------------------|
| Driver Version: 580.126.09    | Graphics API: Vulkan
|=============================================================================================|
| GPU | Name                             | Active | LDA | GPU Memory | Vendor-ID | LUID       |
|     |                                  |        |     |            | Device-ID | UUID       |
|     |                                  |        |     |            | Bus-ID    |            |
|---------------------------------------------------------------------------------------------|
| 0   | NVIDIA GeForce RTX 4090          | Yes: 0 |     | 24564   MB | 10de      | 0          |
|     |                                  |        |     |            | 2684      | 3540b987.. |
|     |                                  |        |     |            | 1         |            |
|=============================================================================================|
| OS: 24.04.2 LTS (Noble Numbat) ubuntu, Version: 24.04.2, Kernel: 6.8.0-107-generic
| Processor: 11th Gen Intel(R) Core(TM) i5-11400 @ 2.60GHz
| Cores: 6 | Logical Cores: 12
|---------------------------------------------------------------------------------------------|
| Total Memory (MB): 15802 | Free Memory: 8717
| Total Page/Swap (MB): 0 | Free Page/Swap: 0
|---------------------------------------------------------------------------------------------|
2026-04-23T17:13:58Z [5,602ms] [Warning] [gpu.foundation.plugin] CPU performance profile is set to powersave. This profile sets the CPU to the lowest frequency reducing performance.
2026-04-23T17:13:58Z [5,630ms] [Warning] [omni.kvdb.plugin] Disabling key-value database because another kit process is locking it
There was an error running python
